Copyright 1986-2016 Xilinx, Inc. All Rights Reserved.
-----------------------------------------------------------------------------------------------------------------
| Tool Version : Vivado v.2016.4 (lin64) Build 1733598 Wed Dec 14 22:35:42 MST 2016
| Date         : Fri Aug 25 14:25:22 2017
| Host         : fortis.phy.bris.ac.uk running 64-bit Scientific Linux release 6.9 (Carbon)
| Command      : report_utilization -file top_tlu_v1e_utilization_synth.rpt -pb top_tlu_v1e_utilization_synth.pb
| Design       : top_tlu_v1e
| Device       : 7a35tcsg324-1
| Design State : Synthesized
-----------------------------------------------------------------------------------------------------------------

Utilization Design Information

Table of Contents
-----------------
1. Slice Logic
1.1 Summary of Registers by Type
2. Memory
3. DSP
4. IO and GT Specific
5. Clocking
6. Specific Feature
7. Primitives
8. Black Boxes
9. Instantiated Netlists

1. Slice Logic
--------------

+----------------------------+------+-------+-----------+-------+
|          Site Type         | Used | Fixed | Available | Util% |
+----------------------------+------+-------+-----------+-------+
| Slice LUTs*                | 4248 |     0 |     20800 | 20.42 |
|   LUT as Logic             | 3825 |     0 |     20800 | 18.39 |
|   LUT as Memory            |  423 |     0 |      9600 |  4.41 |
|     LUT as Distributed RAM |    0 |     0 |           |       |
|     LUT as Shift Register  |  423 |     0 |           |       |
| Slice Registers            | 7340 |     0 |     41600 | 17.64 |
|   Register as Flip Flop    | 7340 |     0 |     41600 | 17.64 |
|   Register as Latch        |    0 |     0 |     41600 |  0.00 |
| F7 Muxes                   |  119 |     0 |     16300 |  0.73 |
| F8 Muxes                   |   23 |     0 |      8150 |  0.28 |
+----------------------------+------+-------+-----------+-------+
* Warning! The Final LUT count, after physical optimizations and full implementation, is typically lower. Run opt_design after synthesis, if not already completed, for a more realistic count.


1.1 Summary of Registers by Type
--------------------------------

+-------+--------------+-------------+--------------+
| Total | Clock Enable | Synchronous | Asynchronous |
+-------+--------------+-------------+--------------+
| 0     |            _ |           - |            - |
| 0     |            _ |           - |          Set |
| 0     |            _ |           - |        Reset |
| 0     |            _ |         Set |            - |
| 0     |            _ |       Reset |            - |
| 0     |          Yes |           - |            - |
| 4     |          Yes |           - |          Set |
| 20    |          Yes |           - |        Reset |
| 746   |          Yes |         Set |            - |
| 6570  |          Yes |       Reset |            - |
+-------+--------------+-------------+--------------+


2. Memory
---------

+-------------------+------+-------+-----------+-------+
|     Site Type     | Used | Fixed | Available | Util% |
+-------------------+------+-------+-----------+-------+
| Block RAM Tile    |   20 |     0 |        50 | 40.00 |
|   RAMB36/FIFO*    |   17 |     0 |        50 | 34.00 |
|     RAMB36E1 only |   17 |       |           |       |
|   RAMB18          |    6 |     0 |       100 |  6.00 |
|     RAMB18E1 only |    6 |       |           |       |
+-------------------+------+-------+-----------+-------+
* Note: Each Block RAM Tile only has one FIFO logic available and therefore can accommodate only one FIFO36E1 or one FIFO18E1. However, if a FIFO18E1 occupies a Block RAM Tile, that tile can still accommodate a RAMB18E1


3. DSP
------

+-----------+------+-------+-----------+-------+
| Site Type | Used | Fixed | Available | Util% |
+-----------+------+-------+-----------+-------+
| DSPs      |    0 |     0 |        90 |  0.00 |
+-----------+------+-------+-----------+-------+


4. IO and GT Specific
---------------------

+-----------------------------+------+-------+-----------+-------+
|          Site Type          | Used | Fixed | Available | Util% |
+-----------------------------+------+-------+-----------+-------+
| Bonded IOB                  |   55 |     0 |       210 | 26.19 |
| Bonded IPADs                |    0 |     0 |         2 |  0.00 |
| PHY_CONTROL                 |    0 |     0 |         5 |  0.00 |
| PHASER_REF                  |    0 |     0 |         5 |  0.00 |
| OUT_FIFO                    |    0 |     0 |        20 |  0.00 |
| IN_FIFO                     |    0 |     0 |        20 |  0.00 |
| IDELAYCTRL                  |    2 |     0 |         5 | 40.00 |
| IBUFDS                      |   13 |     0 |       202 |  6.44 |
| PHASER_OUT/PHASER_OUT_PHY   |    0 |     0 |        20 |  0.00 |
| PHASER_IN/PHASER_IN_PHY     |    0 |     0 |        20 |  0.00 |
| IDELAYE2/IDELAYE2_FINEDELAY |   12 |     0 |       250 |  4.80 |
|   IDELAYE2 only             |   12 |     0 |           |       |
| ILOGIC                      |   12 |     0 |       210 |  5.71 |
|   ISERDES                   |   12 |       |           |       |
| OLOGIC                      |    0 |     0 |       210 |  0.00 |
+-----------------------------+------+-------+-----------+-------+


5. Clocking
-----------

+------------+------+-------+-----------+-------+
|  Site Type | Used | Fixed | Available | Util% |
+------------+------+-------+-----------+-------+
| BUFGCTRL   |    6 |     0 |        32 | 18.75 |
| BUFIO      |    0 |     0 |        20 |  0.00 |
| MMCME2_ADV |    2 |     0 |         5 | 40.00 |
| PLLE2_ADV  |    0 |     0 |         5 |  0.00 |
| BUFMRCE    |    0 |     0 |        10 |  0.00 |
| BUFHCE     |    0 |     0 |        72 |  0.00 |
| BUFR       |    0 |     0 |        20 |  0.00 |
+------------+------+-------+-----------+-------+


6. Specific Feature
-------------------

+-------------+------+-------+-----------+-------+
|  Site Type  | Used | Fixed | Available | Util% |
+-------------+------+-------+-----------+-------+
| BSCANE2     |    0 |     0 |         4 |  0.00 |
| CAPTUREE2   |    0 |     0 |         1 |  0.00 |
| DNA_PORT    |    0 |     0 |         1 |  0.00 |
| EFUSE_USR   |    0 |     0 |         1 |  0.00 |
| FRAME_ECCE2 |    0 |     0 |         1 |  0.00 |
| ICAPE2      |    0 |     0 |         2 |  0.00 |
| PCIE_2_1    |    0 |     0 |         1 |  0.00 |
| STARTUPE2   |    0 |     0 |         1 |  0.00 |
| XADC        |    0 |     0 |         1 |  0.00 |
+-------------+------+-------+-----------+-------+


7. Primitives
-------------

+------------+------+---------------------+
|  Ref Name  | Used | Functional Category |
+------------+------+---------------------+
| FDRE       | 6570 |        Flop & Latch |
| LUT6       | 1357 |                 LUT |
| LUT5       |  892 |                 LUT |
| FDSE       |  746 |        Flop & Latch |
| LUT3       |  576 |                 LUT |
| LUT2       |  568 |                 LUT |
| LUT1       |  524 |                 LUT |
| LUT4       |  474 |                 LUT |
| SRL16E     |  382 |  Distributed Memory |
| CARRY4     |  182 |          CarryLogic |
| MUXF7      |  119 |               MuxFx |
| SRLC32E    |   41 |  Distributed Memory |
| OBUF       |   28 |                  IO |
| MUXF8      |   23 |               MuxFx |
| FDCE       |   20 |        Flop & Latch |
| RAMB36E1   |   17 |        Block Memory |
| IBUFDS     |   13 |                  IO |
| ISERDESE2  |   12 |                  IO |
| IDELAYE2   |   12 |                  IO |
| IBUF       |   11 |                  IO |
| RAMB18E1   |    6 |        Block Memory |
| BUFG       |    6 |               Clock |
| OBUFT      |    4 |                  IO |
| FDPE       |    4 |        Flop & Latch |
| MMCME2_ADV |    2 |               Clock |
| IDELAYCTRL |    2 |                  IO |
+------------+------+---------------------+


8. Black Boxes
--------------

+--------------------------+------+
|         Ref Name         | Used |
+--------------------------+------+
| tlu_event_fifo           |    1 |
| temac_gbe_v9_rgmii       |    1 |
| mac_fifo_axi4            |    1 |
| internalTriggerGenerator |    1 |
+--------------------------+------+


9. Instantiated Netlists
------------------------

+----------+------+
| Ref Name | Used |
+----------+------+


